Collecting sentence-transformers<4,>=3.3
  Downloading sentence_transformers-3.4.1-py3-none-any.whl.metadata (10 kB)
Collecting transformers<5.0.0,>=4.41.0 (from sentence-transformers<4,>=3.3)
  Downloading transformers-4.57.6-py3-none-any.whl.metadata (43 kB)
Requirement already satisfied: tqdm in d:\ai thuc chien\all lab\k4-track2-day19-vectorfeaturestore-lab\.venv\lib\site-packages (from sentence-transformers<4,>=3.3) (4.70.1)
Collecting torch>=1.11.0 (from sentence-transformers<4,>=3.3)
  Downloading torch-2.14.1-cp312-cp312-win_amd64.whl.metadata (38 kB)
Collecting scikit-learn (from sentence-transformers<4,>=3.3)
  Downloading scikit_learn-1.9.1-cp312-cp312-win_amd64.whl.metadata (9.3 kB)
Collecting scipy (from sentence-transformers<4,>=3.3)
  Downloading scipy-1.18.1-cp312-cp312-win_amd64.whl.metadata (61 kB)
Requirement already satisfied: huggingface-hub>=0.20.0 in d:\ai thuc chien\all lab\k4-track2-day19-vectorfeaturestore-lab\.venv\lib\site-packages (from sentence-transformers<4,>=3.3) (1.33.0)
Requirement already satisfied: Pillow in d:\ai thuc chien\all lab\k4-track2-day19-vectorfeaturestore-lab\.venv\lib\site-packages (from sentence-transformers<4,>=3.3) (12.3.0)
Requirement already satisfied: click<9.0.0,>=8.4.2 in d:\ai thuc chien\all lab\k4-track2-day19-vectorfeaturestore-lab\.venv\lib\site-packages (from huggingface-hub>=0.20.0->sentence-transformers<4,>=3.3) (8.5.0)
Requirement already satisfied: filelock>=3.10.0 in d:\ai thuc chien\all lab\k4-track2-day19-vectorfeaturestore-lab\.venv\lib\site-packages (from huggingface-hub>=0.20.0->sentence-transformers<4,>=3.3) (4.0.11)
Requirement already satisfied: fsspec>=2023.5.0 in d:\ai thuc chien\all lab\k4-track2-day19-vectorfeaturestore-lab\.venv\lib\site-packages (from huggingface-hub>=0.20.0->sentence-transformers<4,>=3.3) (2026.9.0)
Requirement already satisfied: hf-xet<2.0.0,>=1.6.0 in d:\ai thuc chien\all lab\k4-track2-day19-vectorfeaturestore-lab\.venv\lib\site-packages (from huggingface-hub>=0.20.0->sentence-transformers<4,>=3.3) (1.6.0)
Requirement already satisfied: httpx<1,>=0.23.0 in d:\ai thuc chien\all lab\k4-track2-day19-vectorfeaturestore-lab\.venv\lib\site-packages (from huggingface-hub>=0.20.0->sentence-transformers<4,>=3.3) (0.28.1)
Requirement already satisfied: packaging>=20.9 in d:\ai thuc chien\all lab\k4-track2-day19-vectorfeaturestore-lab\.venv\lib\site-packages (from huggingface-hub>=0.20.0->sentence-transformers<4,>=3.3) (26.3)
Requirement already satisfied: pyyaml>=5.1 in d:\ai thuc chien\all lab\k4-track2-day19-vectorfeaturestore-lab\.venv\lib\site-packages (from huggingface-hub>=0.20.0->sentence-transformers<4,>=3.3) (6.0.3)
Requirement already satisfied: typing-extensions>=4.1.0 in d:\ai thuc chien\all lab\k4-track2-day19-vectorfeaturestore-lab\.venv\lib\site-packages (from huggingface-hub>=0.20.0->sentence-transformers<4,>=3.3) (4.16.0)
Collecting setuptools>=77.0.3 (from torch>=1.11.0->sentence-transformers<4,>=3.3)
  Downloading setuptools-84.0.0-py3-none-any.whl.metadata (6.6 kB)
Collecting sympy>=1.13.3 (from torch>=1.11.0->sentence-transformers<4,>=3.3)
  Downloading sympy-1.14.0-py3-none-any.whl.metadata (12 kB)
Collecting networkx>=2.5.1 (from torch>=1.11.0->sentence-transformers<4,>=3.3)
  Downloading networkx-3.7-py3-none-any.whl.metadata (6.7 kB)
Requirement already satisfied: jinja2 in d:\ai thuc chien\all lab\k4-track2-day19-vectorfeaturestore-lab\.venv\lib\site-packages (from torch>=1.11.0->sentence-transformers<4,>=3.3) (3.1.6)
Requirement already satisfied: colorama in d:\ai thuc chien\all lab\k4-track2-day19-vectorfeaturestore-lab\.venv\lib\site-packages (from tqdm->sentence-transformers<4,>=3.3) (0.4.6)
Collecting huggingface-hub>=0.20.0 (from sentence-transformers<4,>=3.3)
  Downloading huggingface_hub-0.36.2-py3-none-any.whl.metadata (15 kB)
Requirement already satisfied: numpy>=1.17 in d:\ai thuc chien\all lab\k4-track2-day19-vectorfeaturestore-lab\.venv\lib\site-packages (from transformers<5.0.0,>=4.41.0->sentence-transformers<4,>=3.3) (2.5.3)
Collecting regex!=2019.12.17 (from transformers<5.0.0,>=4.41.0->sentence-transformers<4,>=3.3)
  Downloading regex-2026.9.29-cp312-cp312-win_amd64.whl.metadata (41 kB)
Requirement already satisfied: requests in d:\ai thuc chien\all lab\k4-track2-day19-vectorfeaturestore-lab\.venv\lib\site-packages (from transformers<5.0.0,>=4.41.0->sentence-transformers<4,>=3.3) (2.34.2)
Collecting tokenizers<=0.23.0,>=0.22.0 (from transformers<5.0.0,>=4.41.0->sentence-transformers<4,>=3.3)
  Downloading tokenizers-0.22.2-cp39-abi3-win_amd64.whl.metadata (7.4 kB)
Collecting safetensors>=0.4.3 (from transformers<5.0.0,>=4.41.0->sentence-transformers<4,>=3.3)
  Downloading safetensors-0.8.0-cp310-abi3-win_amd64.whl.metadata (4.2 kB)
Collecting joblib>=1.4.0 (from scikit-learn->sentence-transformers<4,>=3.3)
  Downloading joblib-1.6.0-py3-none-any.whl.metadata (6.5 kB)
Collecting narwhals>=2.0.1 (from scikit-learn->sentence-transformers<4,>=3.3)
  Downloading narwhals-2.26.0-py3-none-any.whl.metadata (15 kB)
Collecting threadpoolctl>=3.5.0 (from scikit-learn->sentence-transformers<4,>=3.3)
  Downloading threadpoolctl-3.7.0-py3-none-any.whl.metadata (24 kB)
Requirement already satisfied: cloudpickle>=3.0 in d:\ai thuc chien\all lab\k4-track2-day19-vectorfeaturestore-lab\.venv\lib\site-packages (from joblib>=1.4.0->scikit-learn->sentence-transformers<4,>=3.3) (3.1.2)
Collecting mpmath<1.4,>=1.1.0 (from sympy>=1.13.3->torch>=1.11.0->sentence-transformers<4,>=3.3)
  Downloading mpmath-1.3.0-py3-none-any.whl.metadata (8.6 kB)
Requirement already satisfied: MarkupSafe>=2.0 in d:\ai thuc chien\all lab\k4-track2-day19-vectorfeaturestore-lab\.venv\lib\site-packages (from jinja2->torch>=1.11.0->sentence-transformers<4,>=3.3) (3.0.4)
Requirement already satisfied: charset_normalizer<4,>=2 in d:\ai thuc chien\all lab\k4-track2-day19-vectorfeaturestore-lab\.venv\lib\site-packages (from requests->transformers<5.0.0,>=4.41.0->sentence-transformers<4,>=3.3) (3.5.2)
Requirement already satisfied: idna<4,>=2.5 in d:\ai thuc chien\all lab\k4-track2-day19-vectorfeaturestore-lab\.venv\lib\site-packages (from requests->transformers<5.0.0,>=4.41.0->sentence-transformers<4,>=3.3) (3.20)
Requirement already satisfied: urllib3<3,>=1.26 in d:\ai thuc chien\all lab\k4-track2-day19-vectorfeaturestore-lab\.venv\lib\site-packages (from requests->transformers<5.0.0,>=4.41.0->sentence-transformers<4,>=3.3) (2.8.0)
Requirement already satisfied: certifi>=2023.5.7 in d:\ai thuc chien\all lab\k4-track2-day19-vectorfeaturestore-lab\.venv\lib\site-packages (from requests->transformers<5.0.0,>=4.41.0->sentence-transformers<4,>=3.3) (2026.7.22)
Requirement already satisfied: anyio in d:\ai thuc chien\all lab\k4-track2-day19-vectorfeaturestore-lab\.venv\lib\site-packages (from httpx<1,>=0.23.0->huggingface-hub>=0.20.0->sentence-transformers<4,>=3.3) (4.15.1)
Requirement already satisfied: httpcore==1.* in d:\ai thuc chien\all lab\k4-track2-day19-vectorfeaturestore-lab\.venv\lib\site-packages (from httpx<1,>=0.23.0->huggingface-hub>=0.20.0->sentence-transformers<4,>=3.3) (1.0.9)
Requirement already satisfied: h11>=0.16 in d:\ai thuc chien\all lab\k4-track2-day19-vectorfeaturestore-lab\.venv\lib\site-packages (from httpcore==1.*->httpx<1,>=0.23.0->huggingface-hub>=0.20.0->sentence-transformers<4,>=3.3) (0.16.0)
Downloading sentence_transformers-3.4.1-py3-none-any.whl (275 kB)
Downloading torch-2.14.1-cp312-cp312-win_amd64.whl (124.1 MB)
   --------------------------------------- 124.1/124.1 MB 12.2 MB/s eta 0:00:00
Downloading transformers-4.57.6-py3-none-any.whl (12.0 MB)
   ---------------------------------------- 12.0/12.0 MB 13.4 MB/s eta 0:00:00
Downloading huggingface_hub-0.36.2-py3-none-any.whl (566 kB)
   ---------------------------------------- 566.4/566.4 kB 6.6 MB/s eta 0:00:00
Downloading scikit_learn-1.9.1-cp312-cp312-win_amd64.whl (8.3 MB)
   ---------------------------------------- 8.3/8.3 MB 10.2 MB/s eta 0:00:00
Downloading scipy-1.18.1-cp312-cp312-win_amd64.whl (36.7 MB)
   ---------------------------------------- 36.7/36.7 MB 11.5 MB/s eta 0:00:00
Downloading joblib-1.6.0-py3-none-any.whl (306 kB)
Downloading narwhals-2.26.0-py3-none-any.whl (474 kB)
Downloading networkx-3.7-py3-none-any.whl (2.1 MB)
   ---------------------------------------- 2.1/2.1 MB 13.4 MB/s eta 0:00:00
Downloading regex-2026.9.29-cp312-cp312-win_amd64.whl (280 kB)
Downloading safetensors-0.8.0-cp310-abi3-win_amd64.whl (355 kB)
Downloading setuptools-84.0.0-py3-none-any.whl (818 kB)
   --------------------------------------- 818.2/818.2 kB 17.4 MB/s eta 0:00:00
Downloading sympy-1.14.0-py3-none-any.whl (6.3 MB)
   ---------------------------------------- 6.3/6.3 MB 14.3 MB/s eta 0:00:00
Downloading threadpoolctl-3.7.0-py3-none-any.whl (26 kB)
Downloading tokenizers-0.22.2-cp39-abi3-win_amd64.whl (2.7 MB)
   ---------------------------------------- 2.7/2.7 MB 9.4 MB/s eta 0:00:00
Downloading mpmath-1.3.0-py3-none-any.whl (536 kB)
   --------------------------------------- 536.2/536.2 kB 17.1 MB/s eta 0:00:00
Installing collected packages: mpmath, threadpoolctl, sympy, setuptools, scipy, safetensors, regex, networkx, narwhals, joblib, torch, scikit-learn, huggingface-hub, tokenizers, transformers, sentence-transformers
  Attempting uninstall: huggingface-hub
    Found existing installation: huggingface_hub 1.33.0
    Uninstalling huggingface_hub-1.33.0:
      Successfully uninstalled huggingface_hub-1.33.0
  Attempting uninstall: tokenizers
    Found existing installation: tokenizers 0.23.2
    Uninstalling tokenizers-0.23.2:
      Successfully uninstalled tokenizers-0.23.2
  WARNING: Failed to remove contents in a temporary directory 'D:\Ai Thuc chien\All Lab\K4-Track2-Day19-VectorFeatureStore-Lab\.venv\Lib\site-packages\~okenizers'.
  You can safely remove it manually.
Successfully installed huggingface-hub-0.36.2 joblib-1.6.0 mpmath-1.3.0 narwhals-2.26.0 networkx-3.7 regex-2026.9.29 safetensors-0.8.0 scikit-learn-1.9.1 scipy-1.18.1 sentence-transformers-3.4.1 setuptools-84.0.0 sympy-1.14.0 threadpoolctl-3.7.0 tokenizers-0.22.2 torch-2.14.1 transformers-4.57.6

[notice] A new release of pip is available: 24.2 -> 26.2.1
[notice] To update, run: D:\Ai Thuc chien\All Lab\K4-Track2-Day19-VectorFeatureStore-Lab\.venv\Scripts\python.exe -m pip install --upgrade pip
