[lite] Day 19 lightweight setup
[lite] Stack: fastembed + qdrant-client[memory] + rank-bm25 + feast(sqlite) + FastAPI

[lite] system python3 is 3.12 (the venv may differ — reported below)
[lite] Creating venv with python -m venv
[lite] venv Python 3.12
[jupytext] Reading notebooks/01_embeddings_index.py in format py
[jupytext] Warning: Notebook is not trusted
[jupytext] Writing notebooks/01_embeddings_index.ipynb (destination file updated)
[jupytext] Reading notebooks/02_hybrid_search_rrf.py in format py
[jupytext] Writing notebooks/02_hybrid_search_rrf.ipynb (destination file updated)
[jupytext] Reading notebooks/03_search_api_benchmark.py in format py
[jupytext] Writing notebooks/03_search_api_benchmark.ipynb (destination file updated)
[jupytext] Reading notebooks/04_feast_feature_store.py in format py
[jupytext] Writing notebooks/04_feast_feature_store.ipynb (destination file updated)
[jupytext] Reading notebooks/05_filtered_search.py in format py
[jupytext] Writing notebooks/05_filtered_search.ipynb (destination file updated)
[jupytext] Reading notebooks/06_agent_retrieval.py in format py
[jupytext] Writing notebooks/06_agent_retrieval.ipynb (destination file updated)
[jupytext] Reading notebooks/07_semantic_cache.py in format py
[jupytext] Writing notebooks/07_semantic_cache.ipynb (destination file updated)
[jupytext] Reading notebooks/08_feature_engineering.py in format py
[jupytext] Warning: Notebook is not trusted
[jupytext] Writing notebooks/08_feature_engineering.ipynb (destination file updated)
  wrote 1000 docs → /lab/data/corpus_vn.jsonl
  wrote 50 queries → /lab/data/golden_set.jsonl
  seed=42 (deterministic)
  · seeding advanced-mission data (NB6 + NB8)…
building index (embeds 1000 docs, ~15 s)…

Fetching 5 files:   0%|          | 0/5 [00:00<?, ?it/s]Warning: You are sending unauthenticated requests to the HF Hub. Please set a HF_TOKEN to enable higher rate limits and faster downloads.

Fetching 5 files:  20%|██        | 1/5 [00:00<00:01,  2.78it/s]
Fetching 5 files:  60%|██████    | 3/5 [00:00<00:00,  7.60it/s]
Fetching 5 files: 100%|██████████| 5/5 [00:19<00:00,  4.96s/it]
Fetching 5 files: 100%|██████████| 5/5 [00:19<00:00,  3.90s/it]
wrote /lab/data/agent_queries.jsonl (12 compound queries, 8 gold docs per side)
/lab/scripts/gen_spend.py:25: DeprecationWarning: The 'generic' unit for NumPy timedelta is deprecated, and will raise an error in the future. This includes implicit conversion of bare integers (e.g. `+ 1`). Please use a specific unit instead.
  "event_timestamp": now - pd.Timedelta(f"{days_ago}D"),
/lab/scripts/gen_spend.py:28: DeprecationWarning: The 'generic' unit for NumPy timedelta is deprecated, and will raise an error in the future. This includes implicit conversion of bare integers (e.g. `+ 1`). Please use a specific unit instead.
  "created": now - pd.Timedelta(f"{days_ago}D"),
wrote /lab/app/feast_repo_ondemand/data/user_spend.parquet (150 rows, 50 users)
Day 19 lite smoke test
  • fastembed loads + embeds (BAAI/bge-small-en-v1.5)
  • Qdrant in-memory: index + search
  • rank-bm25 scores documents
  • Corpus + golden set generated by seed_corpus.py
  • Feast can init a local registry (SQLite online + file offline)
  • FastAPI app imports without error
  • Advanced modules import + behave (metadata, filters, cache, agent, features)

All checks passed — lite path is ready. Run `make api` then `make benchmark`.

[lite] Done. Activate the venv and start working:

    source .venv/bin/activate
    make api       # start FastAPI on :8000
    make lab       # open Jupyter on :8888
    make benchmark # Precision@10 + latency table

Tip: read VIBE-CODING.md before starting NB1 — it tells you what to delegate
to your AI assistant and what to think through yourself.
Day 19 benchmark — keyword vs semantic vs hybrid
==============================================================
  Loaded 50 golden queries
  Building Searcher (this may take ~30s on first run — embedding the corpus)...
  Indexed 1000 docs in 152.2s

Quality — Precision@10 (% of top-10 in matching topic)
  Keyword (BM25)   :  77.8%
  Semantic (vector):  73.2%
  Hybrid  (RRF=60) :  78.6%   <- should win

Quality by query type:
  type           n       kw     sem     hyb
  exact         15   96.7%  88.7%  96.7%
  paraphrase    15   33.3%  24.0%  32.0%
  mixed         20   97.0%  98.5% 100.0%

Latency — P50 / P95 / P99 over 5000 calls/mode
  keyword  : P50=   3.1ms  P95=  11.6ms  P99=  14.9ms
  semantic : P50=  21.2ms  P95=  46.6ms  P99=  73.7ms
  hybrid   : P50=  19.5ms  P95=  41.4ms  P99=  68.3ms

PASS — hybrid beats keyword by +0.8pp, semantic by +5.4pp
................................................                         [100%]
=============================== warnings summary ===============================
.venv/lib/python3.12/site-packages/feast/type_map.py:72
  /lab/.venv/lib/python3.12/site-packages/feast/type_map.py:72: DeprecationWarning: The 'generic' unit for NumPy timedelta is deprecated, and will raise an error in the future. This includes implicit conversion of bare integers (e.g. `+ 1`). Please use a specific unit instead.
    NULL_TIMESTAMP_INT_VALUE: int = np.datetime64("NaT").astype(int)

-- Docs: https://docs.pytest.org/en/stable/how-to/capture-warnings.html
48 passed, 1 warning in 13.04s
Day 19 lite smoke test
  • fastembed loads + embeds (BAAI/bge-small-en-v1.5)
  • Qdrant in-memory: index + search
  • rank-bm25 scores documents
  • Corpus + golden set generated by seed_corpus.py
  • Feast can init a local registry (SQLite online + file offline)
  • FastAPI app imports without error
  • Advanced modules import + behave (metadata, filters, cache, agent, features)

All checks passed — lite path is ready. Run `make api` then `make benchmark`.
